Archive member included to satisfy reference by file (symbol)

c:/autodevkitstudio-2.1/eclipse/plugins/com.st.tools.spc5.tools.gnu.gcc.ppcvle.win32_4.9.4.20200908161514/toolchain/bin/../lib/gcc/powerpc-eabivle/4.9.4/../../../../powerpc-eabivle/lib/e200z2\libm.a(lib_a-s_atan.o)
                              build/obj/main.o (atan)
c:/autodevkitstudio-2.1/eclipse/plugins/com.st.tools.spc5.tools.gnu.gcc.ppcvle.win32_4.9.4.20200908161514/toolchain/bin/../lib/gcc/powerpc-eabivle/4.9.4/../../../../powerpc-eabivle/lib/e200z2\libm.a(lib_a-s_ceil.o)
                              build/obj/main.o (ceil)
c:/autodevkitstudio-2.1/eclipse/plugins/com.st.tools.spc5.tools.gnu.gcc.ppcvle.win32_4.9.4.20200908161514/toolchain/bin/../lib/gcc/powerpc-eabivle/4.9.4/../../../../powerpc-eabivle/lib/e200z2\libm.a(lib_a-s_cos.o)
                              build/obj/main.o (cos)
c:/autodevkitstudio-2.1/eclipse/plugins/com.st.tools.spc5.tools.gnu.gcc.ppcvle.win32_4.9.4.20200908161514/toolchain/bin/../lib/gcc/powerpc-eabivle/4.9.4/../../../../powerpc-eabivle/lib/e200z2\libm.a(lib_a-s_fabs.o)
                              c:/autodevkitstudio-2.1/eclipse/plugins/com.st.tools.spc5.tools.gnu.gcc.ppcvle.win32_4.9.4.20200908161514/toolchain/bin/../lib/gcc/powerpc-eabivle/4.9.4/../../../../powerpc-eabivle/lib/e200z2\libm.a(lib_a-s_atan.o) (fabs)
c:/autodevkitstudio-2.1/eclipse/plugins/com.st.tools.spc5.tools.gnu.gcc.ppcvle.win32_4.9.4.20200908161514/toolchain/bin/../lib/gcc/powerpc-eabivle/4.9.4/../../../../powerpc-eabivle/lib/e200z2\libm.a(lib_a-s_sin.o)
                              build/obj/main.o (sin)
c:/autodevkitstudio-2.1/eclipse/plugins/com.st.tools.spc5.tools.gnu.gcc.ppcvle.win32_4.9.4.20200908161514/toolchain/bin/../lib/gcc/powerpc-eabivle/4.9.4/../../../../powerpc-eabivle/lib/e200z2\libm.a(lib_a-w_acos.o)
                              build/obj/main.o (acos)
c:/autodevkitstudio-2.1/eclipse/plugins/com.st.tools.spc5.tools.gnu.gcc.ppcvle.win32_4.9.4.20200908161514/toolchain/bin/../lib/gcc/powerpc-eabivle/4.9.4/../../../../powerpc-eabivle/lib/e200z2\libm.a(lib_a-e_acos.o)
                              c:/autodevkitstudio-2.1/eclipse/plugins/com.st.tools.spc5.tools.gnu.gcc.ppcvle.win32_4.9.4.20200908161514/toolchain/bin/../lib/gcc/powerpc-eabivle/4.9.4/../../../../powerpc-eabivle/lib/e200z2\libm.a(lib_a-w_acos.o) (__ieee754_acos)
c:/autodevkitstudio-2.1/eclipse/plugins/com.st.tools.spc5.tools.gnu.gcc.ppcvle.win32_4.9.4.20200908161514/toolchain/bin/../lib/gcc/powerpc-eabivle/4.9.4/../../../../powerpc-eabivle/lib/e200z2\libm.a(lib_a-e_rem_pio2.o)
                              c:/autodevkitstudio-2.1/eclipse/plugins/com.st.tools.spc5.tools.gnu.gcc.ppcvle.win32_4.9.4.20200908161514/toolchain/bin/../lib/gcc/powerpc-eabivle/4.9.4/../../../../powerpc-eabivle/lib/e200z2\libm.a(lib_a-s_cos.o) (__ieee754_rem_pio2)
c:/autodevkitstudio-2.1/eclipse/plugins/com.st.tools.spc5.tools.gnu.gcc.ppcvle.win32_4.9.4.20200908161514/toolchain/bin/../lib/gcc/powerpc-eabivle/4.9.4/../../../../powerpc-eabivle/lib/e200z2\libm.a(lib_a-e_sqrt.o)
                              c:/autodevkitstudio-2.1/eclipse/plugins/com.st.tools.spc5.tools.gnu.gcc.ppcvle.win32_4.9.4.20200908161514/toolchain/bin/../lib/gcc/powerpc-eabivle/4.9.4/../../../../powerpc-eabivle/lib/e200z2\libm.a(lib_a-e_acos.o) (__ieee754_sqrt)
c:/autodevkitstudio-2.1/eclipse/plugins/com.st.tools.spc5.tools.gnu.gcc.ppcvle.win32_4.9.4.20200908161514/toolchain/bin/../lib/gcc/powerpc-eabivle/4.9.4/../../../../powerpc-eabivle/lib/e200z2\libm.a(lib_a-k_cos.o)
                              c:/autodevkitstudio-2.1/eclipse/plugins/com.st.tools.spc5.tools.gnu.gcc.ppcvle.win32_4.9.4.20200908161514/toolchain/bin/../lib/gcc/powerpc-eabivle/4.9.4/../../../../powerpc-eabivle/lib/e200z2\libm.a(lib_a-s_cos.o) (__kernel_cos)
c:/autodevkitstudio-2.1/eclipse/plugins/com.st.tools.spc5.tools.gnu.gcc.ppcvle.win32_4.9.4.20200908161514/toolchain/bin/../lib/gcc/powerpc-eabivle/4.9.4/../../../../powerpc-eabivle/lib/e200z2\libm.a(lib_a-k_rem_pio2.o)
                              c:/autodevkitstudio-2.1/eclipse/plugins/com.st.tools.spc5.tools.gnu.gcc.ppcvle.win32_4.9.4.20200908161514/toolchain/bin/../lib/gcc/powerpc-eabivle/4.9.4/../../../../powerpc-eabivle/lib/e200z2\libm.a(lib_a-e_rem_pio2.o) (__kernel_rem_pio2)
c:/autodevkitstudio-2.1/eclipse/plugins/com.st.tools.spc5.tools.gnu.gcc.ppcvle.win32_4.9.4.20200908161514/toolchain/bin/../lib/gcc/powerpc-eabivle/4.9.4/../../../../powerpc-eabivle/lib/e200z2\libm.a(lib_a-k_sin.o)
                              c:/autodevkitstudio-2.1/eclipse/plugins/com.st.tools.spc5.tools.gnu.gcc.ppcvle.win32_4.9.4.20200908161514/toolchain/bin/../lib/gcc/powerpc-eabivle/4.9.4/../../../../powerpc-eabivle/lib/e200z2\libm.a(lib_a-s_cos.o) (__kernel_sin)
c:/autodevkitstudio-2.1/eclipse/plugins/com.st.tools.spc5.tools.gnu.gcc.ppcvle.win32_4.9.4.20200908161514/toolchain/bin/../lib/gcc/powerpc-eabivle/4.9.4/../../../../powerpc-eabivle/lib/e200z2\libm.a(lib_a-s_floor.o)
[...]
Memory Configuration

Name             Origin             Length             Attributes
dataflash        0x00800000         0x00020000
flash            0x00fc0000         0x00100000
ram              0x400a8000         0x00018000
*default*        0x00000000         0xffffffff

Linker script and memory map

LOAD build/obj/boot.o
LOAD build/obj/crt0.o
LOAD build/obj/vectors.o
LOAD build/obj/ivor.o
LOAD build/obj/spc5_lld.o
LOAD build/obj/spc5_edma.o
LOAD build/obj/serial_lld.o
LOAD build/obj/spi_lld.o
LOAD build/obj/i2c_lld.o
LOAD build/obj/i2c_hw.o
LOAD build/obj/i2c_sw.o
LOAD build/obj/spc5_linflex.o
LOAD build/obj/spc5_emios.o
LOAD build/obj/pwm_lld.o
LOAD build/obj/EV_VNHx7xxx.o
LOAD build/obj/AEK_SNS_VL53L1X1.o
LOAD build/obj/uld_api.o
LOAD build/obj/VL53L1X_api.o
LOAD build/obj/VL53L1X_calibration.o
LOAD build/obj/VL53L1X_support.o
LOAD build/obj/AEK_MOT_SM81M1.o
LOAD build/obj/pal.o
LOAD build/obj/clock.o
LOAD build/obj/irq.o
LOAD build/obj/eirq.o
LOAD build/obj/swirq.o
LOAD build/obj/osal.o
LOAD build/obj/systimer.o
LOAD build/obj/serial_lld_cfg.o
LOAD build/obj/spi_lld_cfg.o
LOAD build/obj/pwm_lld_cfg.o
LOAD build/obj/i2c_lld_cfg.o
LOAD build/obj/EV_VNHx7xxx_cfg.o
LOAD build/obj/AEK_SNS_VL53L1X1_cfg.o
LOAD build/obj/AEK_MOT_SM81M1_cfg.o
LOAD build/obj/board.o
LOAD build/obj/irq_cfg.o
LOAD build/obj/eirq_cfg.o
LOAD build/obj/swirq_cfg.o
LOAD build/obj/main.o
LOAD build/obj/components.o
LOAD c:/autodevkitstudio-2.1/eclipse/plugins/com.st.tools.spc5.tools.gnu.gcc.ppcvle.win32_4.9.4.20200908161514/toolchain/bin/../lib/gcc/powerpc-eabivle/4.9.4/../../../../powerpc-eabivle/lib/e200z2\libm.a
LOAD c:/autodevkitstudio-2.1/eclipse/plugins/com.st.tools.spc5.tools.gnu.gcc.ppcvle.win32_4.9.4.20200908161514/toolchain/bin/../lib/gcc/powerpc-eabivle/4.9.4/../../../../powerpc-eabivle/lib/e200z2\libc.a
                0x00000000                __irq_stack_size__ = 0x0
                0x00001000                __process_stack_size__ = 0x1000
                0x00100000                __flash_size__ = LENGTH (flash)
                0x00fc0000                __flash_start__ = ORIGIN (flash)
                0x010c0000                __flash_end__ = (ORIGIN (flash) + LENGTH (flash))
                0x00018000                __ram_size__ = LENGTH (ram)
                0x400a8000                __ram_start__ = ORIGIN (ram)
                0x400c0000                __ram_end__ = (ORIGIN (ram) + LENGTH (ram))
                0x00fc0000                . = ORIGIN (flash)

.boot0          0x00fc0000      0x202
 *(.boot)
 .boot          0x00fc0000      0x10a build/obj/boot.o
                0x00fc0008                _reset_address
 *(.handlers)
 *fill*         0x00fc010a        0x6 
 .handlers      0x00fc0110        0x4 build/obj/boot.o
                0x00fc0110                _IVOR1
                0x00fc0110                _IVOR11
                0x00fc0110                _IVOR15
                0x00fc0110                _IVOR0
                0x00fc0110                _IVOR14
                0x00fc0110                _unhandled_exception
                0x00fc0110                _IVOR9
                0x00fc0110                _IVOR2
                0x00fc0110                _IVOR7
                0x00fc0110                _IVOR12
                0x00fc0110                _IVOR8
                0x00fc0110                _IVOR3
                0x00fc0110                _IVOR6
                0x00fc0110                _IVOR5
                0x00fc0110                _IVOR13
                0x00fc0110                _IVOR10
 *fill*         0x00fc0114        0xc 
 .handlers      0x00fc0120       0x52 build/obj/ivor.o
                0x00fc0120                _IVOR4
 *(.crt0)
 *fill*         0x00fc0172        0xe 
 .crt0          0x00fc0180       0x82 build/obj/crt0.o
                0x00fc0180                _boot_address
                0x00fc01f8                _main_exit_handler
                0x00fc01fe                __late_init
                0x00fc0200                __eabi

.boot1          0x00fc0210     0x1df2
                0x00fc0300                . = ALIGN (0x100)
 *fill*         0x00fc0210       0xf0 
                0x00fc0300                __ivpr_base__ = .
 *(.ivors)
 .ivors         0x00fc0300       0xf4 build/obj/boot.o
                0x00fc0300                IVORS
                0x00fc1000                . = ALIGN (0x1000)
 *fill*         0x00fc03f4      0xc0c 
 *(.vectors)
 .vectors       0x00fc1000     0x1002 build/obj/vectors.o
                0x00fc1000                _vectors
                0x00fc2000                vector723
                0x00fc2000                vector198
                0x00fc2000                vector971
                0x00fc2000                vector120
                0x00fc2000                vector646
                0x00fc2000                vector276
                0x00fc2000                vector464
                0x00fc2000                vector548
                0x00fc2000                vector604
                0x00fc2000                vector234
                0x00fc2000                vector689
                0x00fc2000                vector25
                0x00fc2000                vector710
                0x00fc2000                vector827
                0x00fc2000                vector403
                0x00fc2000                vector444
                0x00fc2000                vector487
                0x00fc2000                vector725
                0x00fc2000                vector83
                0x00fc2000                vector89
                0x00fc2000                vector88
                0x00fc2000                vector151
                0x00fc2000                vector501
                0x00fc2000                vector1017
                0x00fc2000                vector837
                0x00fc2000                vector937
                0x00fc2000                vector50
                0x00fc2000                vector15
                0x00fc2000                vector848
                0x00fc2000                vector774
                0x00fc2000                vector982
                0x00fc2000                vector759
                0x00fc2000                vector407
                0x00fc2000                vector878
                0x00fc2000                vector387
                0x00fc2000                vector933
                0x00fc2000                vector602
                0x00fc2000                vector149
                0x00fc2000                vector342
                0x00fc2000                vector729
                0x00fc2000                vector582
                0x00fc2000                vector8
                0x00fc2000                vector393
                0x00fc2000                vector757
                0x00fc2000                vector772
                0x00fc2000                vector232
                0x00fc2000                vector635
                0x00fc2000                vector421
                0x00fc2000                vector90
                0x00fc2000                vector513
                0x00fc2000                vector163
                0x00fc2000                vector1003
                0x00fc2000                vector835
                0x00fc2000                vector220
                0x00fc2000                vector481
                0x00fc2000                vector265
                0x00fc2000                vector880
                0x00fc2000                vector106
                0x00fc2000                vector401
                0x00fc2000                vector351
                0x00fc2000                vector722
                0x00fc2000                vector769
                0x00fc2000                vector467
                0x00fc2000                vector680
                0x00fc2000                vector225
                0x00fc2000                vector886
                0x00fc2000                vector909
                0x00fc2000                vector843
                0x00fc2000                vector424
                0x00fc2000                vector599
                0x00fc2000                vector325
                0x00fc2000                vector367
                0x00fc2000                vector386
                0x00fc2000                vector556
                0x00fc2000                vector494
                0x00fc2000                vector308
                0x00fc2000                vector537
                0x00fc2000                vector187
                0x00fc2000                vector883
                0x00fc2000                vector127
                0x00fc2000                vector551
                0x00fc2000                vector1009
                0x00fc2000                vector814
                0x00fc2000                vector841
                0x00fc2000                vector30
                0x00fc2000                vector302
                0x00fc2000                vector1015
                0x00fc2000                vector804
                0x00fc2000                vector370
                0x00fc2000                vector337
                0x00fc2000                vector739
                0x00fc2000                vector292
                0x00fc2000                vector662
                0x00fc2000                vector794
                0x00fc2000                vector638
                0x00fc2000                vector268
                0x00fc2000                vector34
                0x00fc2000                vector46
                0x00fc2000                vector786
                0x00fc2000                vector990
                0x00fc2000                vector764
                0x00fc2000                vector569
                0x00fc2000                vector664
                0x00fc2000                vector294
                0x00fc2000                vector529
                0x00fc2000                vector179
                0x00fc2000                vector988
                0x00fc2000                vector743
                0x00fc2000                vector437
                0x00fc2000                vector888
                0x00fc2000                vector713
                0x00fc2000                vector341
                0x00fc2000                vector218
                0x00fc2000                vector994
                0x00fc2000                vector322
                0x00fc2000                vector410
                0x00fc2000                vector892
                0x00fc2000                vector1023
                0x00fc2000                vector134
                0x00fc2000                vector223
                0x00fc2000                vector881
                0x00fc2000                vector945
                0x00fc2000                vector978
                0x00fc2000                vector222
                0x00fc2000                vector704
                0x00fc2000                vector887
                0x00fc2000                vector634
                0x00fc2000                vector264
                0x00fc2000                vector916
                0x00fc2000                vector71
                0x00fc2000                vector927
                0x00fc2000                vector258
                0x00fc2000                vector628
                0x00fc2000                vector205
                0x00fc2000                vector908
                0x00fc2000                vector511
                0x00fc2000                vector161
                0x00fc2000                vector472
                0x00fc2000                vector842
                0x00fc2000                vector510
                0x00fc2000                vector157
                0x00fc2000                vector416
                0x00fc2000                vector490
                0x00fc2000                vector112
                0x00fc2000                vector727
                0x00fc2000                vector507
                0x00fc2000                vector389
                0x00fc2000                vector347
                0x00fc2000                vector160
                0x00fc2000                vector344
                0x00fc2000                vector559
                0x00fc2000                vector215
                0x00fc2000                vector352
                0x00fc2000                vector364
                0x00fc2000                vector690
                0x00fc2000                vector37
                0x00fc2000                vector920
                0x00fc2000                vector547
                0x00fc2000                vector197
                0x00fc2000                vector596
                0x00fc2000                vector555
                0x00fc2000                vector455
                0x00fc2000                vector129
                0x00fc2000                vector553
                0x00fc2000                vector963
                0x00fc2000                vector649
                0x00fc2000                vector279
                0x00fc2000                vector6
                0x00fc2000                vector893
                0x00fc2000                vector681
                0x00fc2000                vector850
                0x00fc2000                vector415
                0x00fc2000                vector339
                0x00fc2000                vector459
                0x00fc2000                vector823
                0x00fc2000                vector868
                0x00fc2000                vector761
                0x00fc2000                vector230
                0x00fc2000                vector600
                0x00fc2000                vector502
                0x00fc2000                vector152
                0x00fc2000                vector838
                0x00fc2000                vector972
                0x00fc2000                vector598
                0x00fc2000                vector423
                0x00fc2000                vector995
                0x00fc2000                vector826
                0x00fc2000                vector78
                0x00fc2000                vector643
                0x00fc2000                vector469
                0x00fc2000                vector273
                0x00fc2000                vector523
                0x00fc2000                vector44
                0x00fc2000                vector49
                0x00fc2000                vector670
                0x00fc2000                vector943
                0x00fc2000                vector95
                0x00fc2000                vector731
                0x00fc2000                vector830
                0x00fc2000                vector991
                0x00fc2000                vector173
                0x00fc2000                vector637
                0x00fc2000                vector82
                0x00fc2000                vector379
                0x00fc2000                vector426
                0x00fc2000                vector485
                0x00fc2000                vector675
                0x00fc2000                vector686
                0x00fc2000                vector336
                0x00fc2000                vector911
                0x00fc2000                vector267
                0x00fc2000                vector117
                0x00fc2000                vector566
                0x00fc2000                vector956
                0x00fc2000                vector442
                0x00fc2000                vector818
                0x00fc2000                vector572
                0x00fc2000                vector456
                0x00fc2000                vector309
                0x00fc2000                vector712
                0x00fc2000                vector321
                0x00fc2000                vector575
                0x00fc2000                vector1002
                0x00fc2000                vector719
                0x00fc2000                vector1007
                0x00fc2000                vector12
                0x00fc2000                vector532
                0x00fc2000                vector182
                0x00fc2000                vector466
                0x00fc2000                vector950
                0x00fc2000                vector1000
                0x00fc2000                vector109
                0x00fc2000                vector383
                0x00fc2000                vector417
                0x00fc2000                vector18
                0x00fc2000                vector366
                0x00fc2000                vector776
                0x00fc2000                vector491
                0x00fc2000                vector286
                0x00fc2000                vector303
                0x00fc2000                vector656
                0x00fc2000                vector20
                0x00fc2000                vector986
                0x00fc2000                vector863
                0x00fc2000                vector319
                0x00fc2000                vector873
                0x00fc2000                vector542
                0x00fc2000                vector192
                0x00fc2000                vector489
                0x00fc2000                vector931
                0x00fc2000                vector658
                0x00fc2000                vector288
                0x00fc2000                vector564
                0x00fc2000                vector861
                0x00fc2000                vector446
                0x00fc2000                vector358
                0x00fc2000                vector360
                0x00fc2000                vector534
                0x00fc2000                vector184
                0x00fc2000                vector577
                0x00fc2000                vector683
                0x00fc2000                vector326
                0x00fc2000                vector207
                0x00fc2000                vector188
                0x00fc2000                vector585
                0x00fc2000                vector636
                0x00fc2000                vector266
                0x00fc2000                vector411
                0x00fc2000                vector538
                0x00fc2000                vector567
                0x00fc2000                vector93
                0x00fc2000                vector540
                0x00fc2000                vector190
                0x00fc2000                vector609
                0x00fc2000                vector239
                0x00fc2000                vector94
                0x00fc2000                vector17
                0x00fc2000                vector717
                0x00fc2000                vector270
                0x00fc2000                vector831
                0x00fc2000                vector1005
                0x00fc2000                vector116
                0x00fc2000                vector654
                0x00fc2000                vector284
                0x00fc2000                vector104
                0x00fc2000                vector685
                0x00fc2000                vector882
                0x00fc2000                vector272
                0x00fc2000                vector874
                0x00fc2000                vector766
                0x00fc2000                vector633
                0x00fc2000                vector581
                0x00fc2000                vector452
                0x00fc2000                vector782
                0x00fc2000                vector735
                0x00fc2000                vector755
                0x00fc2000                vector315
                0x00fc2000                vector976
                0x00fc2000                vector640
                0x00fc2000                vector824
                0x00fc2000                vector497
                0x00fc2000                vector721
                0x00fc2000                vector768
                0x00fc2000                vector869
                0x00fc2000                vector992
                0x00fc2000                vector699
                0x00fc2000                vector439
                0x00fc2000                vector692
                0x00fc2000                vector847
                0x00fc2000                vector48
                0x00fc2000                vector926
                0x00fc2000                vector781
                0x00fc2000                vector984
                0x00fc2000                vector462
                0x00fc2000                vector586
                0x00fc2000                vector299
                0x00fc2000                vector669
                0x00fc2000                vector103
                0x00fc2000                vector146
                0x00fc2000                vector897
                0x00fc2000                vector815
                0x00fc2000                vector541
                0x00fc2000                vector191
                0x00fc2000                vector350
                0x00fc2000                vector997
                0x00fc2000                vector447
                0x00fc2000                vector11
                0x00fc2000                vector14
                0x00fc2000                vector952
                0x00fc2000                vector499
                0x00fc2000                vector480
                0x00fc2000                vector397
                0x00fc2000                vector406
                0x00fc2000                vector854
                0x00fc2000                vector941
                0x00fc2000                vector454
                0x00fc2000                vector708
                0x00fc2000                vector679
                0x00fc2000                vector969
                0x00fc2000                vector338
                0x00fc2000                vector385
                0x00fc2000                vector148
                0x00fc2000                vector221
                0x00fc2000                vector80
                0x00fc2000                vector353
                0x00fc2000                vector521
                0x00fc2000                vector936
                0x00fc2000                vector219
                0x00fc2000                vector310
                0x00fc2000                vector659
                0x00fc2000                vector289
                0x00fc2000                vector663
                0x00fc2000                vector293
                0x00fc2000                vector957
                0x00fc2000                vector171
                0x00fc2000                vector504
                0x00fc2000                vector340
                0x00fc2000                vector851
                0x00fc2000                vector449
                0x00fc2000                vector405
                0x00fc2000                vector800
                0x00fc2000                vector716
                0x00fc2000                vector849
                0x00fc2000                vector105
                0x00fc2000                vector154
                0x00fc2000                vector36
                0x00fc2000                vector894
                0x00fc2000                vector605
                0x00fc2000                vector235
                0x00fc2000                vector642
                0x00fc2000                vector147
                0x00fc2000                vector457
                0x00fc2000                vector164
                0x00fc2000                vector973
                0x00fc2000                vector1012
                0x00fc2000                vector879
                0x00fc2000                vector563
                0x00fc2000                vector514
                0x00fc2000                vector153
                0x00fc2000                vector503
                0x00fc2000                vector203
                0x00fc2000                vector959
                0x00fc2000                vector684
                0x00fc2000                vector987
                0x00fc2000                vector139
                0x00fc2000                vector902
                0x00fc2000                vector949
                0x00fc2000                vector505
                0x00fc2000                vector155
                0x00fc2000                vector822
                0x00fc2000                vector619
                0x00fc2000                vector249
                0x00fc2000                vector944
                0x00fc2000                vector167
                0x00fc2000                vector517
                0x00fc2000                vector121
                0x00fc2000                vector867
                0x00fc2000                vector754
                0x00fc2000                vector5
                0x00fc2000                vector320
                0x00fc2000                vector799
                0x00fc2000                vector388
                0x00fc2000                vector31
                0x00fc2000                vector195
                0x00fc2000                vector587
                0x00fc2000                vector500
                0x00fc2000                vector150
                0x00fc2000                vector304
                0x00fc2000                vector545
                0x00fc2000                vector75
                0x00fc2000                vector76
                0x00fc2000                vector516
                0x00fc2000                vector166
                0x00fc2000                vector434
                0x00fc2000                vector594
                0x00fc2000                vector590
                0x00fc2000                vector618
                0x00fc2000                vector248
                0x00fc2000                vector891
                0x00fc2000                vector641
                0x00fc2000                vector271
                0x00fc2000                vector820
                0x00fc2000                vector939
                0x00fc2000                vector427
                0x00fc2000                vector295
                0x00fc2000                vector665
                0x00fc2000                vector479
                0x00fc2000                vector343
                0x00fc2000                vector123
                0x00fc2000                vector865
                0x00fc2000                vector96
                0x00fc2000                vector938
                0x00fc2000                vector836
                0x00fc2000                vector318
                0x00fc2000                vector126
                0x00fc2000                vector910
                0x00fc2000                vector785
                0x00fc2000                vector471
                0x00fc2000                vector28
                0x00fc2000                vector934
                0x00fc2000                vector72
                0x00fc2000                vector368
                0x00fc2000                vector373
                0x00fc2000                vector202
                0x00fc2000                vector323
                0x00fc2000                vector744
                0x00fc2000                vector955
                0x00fc2000                vector703
                0x00fc2000                vector550
                0x00fc2000                vector742
                0x00fc2000                vector780
                0x00fc2000                vector413
                0x00fc2000                vector866
                0x00fc2000                vector821
                0x00fc2000                vector593
                0x00fc2000                vector233
                0x00fc2000                vector603
                0x00fc2000                vector519
                0x00fc2000                vector169
                0x00fc2000                vector809
                0x00fc2000                vector392
                0x00fc2000                vector474
                0x00fc2000                vector1019
                0x00fc2000                vector22
                0x00fc2000                vector287
                0x00fc2000                vector726
                0x00fc2000                vector204
                0x00fc2000                vector698
                0x00fc2000                vector441
                0x00fc2000                vector756
                0x00fc2000                vector283
                0x00fc2000                vector653
                0x00fc2000                vector110
                0x00fc2000                vector365
                0x00fc2000                vector620
                0x00fc2000                vector250
                0x00fc2000                vector591
                0x00fc2000                vector124
                0x00fc2000                vector787
                0x00fc2000                vector749
                0x00fc2000                vector617
                0x00fc2000                vector247
                0x00fc2000                vector668
                0x00fc2000                vector298
                0x00fc2000                vector657
                0x00fc2000                vector923
                0x00fc2000                vector561
                0x00fc2000                vector330
                0x00fc2000                vector966
                0x00fc2000                vector484
                0x00fc2000                vector630
                0x00fc2000                vector137
                0x00fc2000                vector979
                0x00fc2000                vector855
                0x00fc2000                vector746
                0x00fc2000                vector607
                0x00fc2000                vector237
                0x00fc2000                vector27
                0x00fc2000                vector468
                0x00fc2000                vector701
                0x00fc2000                vector69
                0x00fc2000                vector277
                0x00fc2000                vector647
                0x00fc2000                vector328
                0x00fc2000                vector918
                0x00fc2000                vector70
                0x00fc2000                vector477
                0x00fc2000                vector579
                0x00fc2000                vector312
                0x00fc2000                vector132
                0x00fc2000                vector355
                0x00fc2000                vector661
                0x00fc2000                vector291
                0x00fc2000                vector970
                0x00fc2000                vector998
                0x00fc2000                vector217
                0x00fc2000                vector1013
                0x00fc2000                vector186
                0x00fc2000                vector372
                0x00fc2000                vector583
                0x00fc2000                vector807
                0x00fc2000                vector390
                0x00fc2000                vector536
                0x00fc2000                vector118
                0x00fc2000                vector425
                0x00fc2000                vector177
                0x00fc2000                vector316
                0x00fc2000                vector375
                0x00fc2000                vector1022
                0x00fc2000                vector335
                0x00fc2000                vector307
                0x00fc2000                vector671
                0x00fc2000                vector210
                0x00fc2000                vector983
                0x00fc2000                vector269
                0x00fc2000                vector332
                0x00fc2000                vector227
                0x00fc2000                vector834
                0x00fc2000                vector363
                0x00fc2000                vector1011
                0x00fc2000                vector224
                0x00fc2000                vector1018
                0x00fc2000                vector728
                0x00fc2000                vector21
                0x00fc2000                vector803
                0x00fc2000                vector527
                0x00fc2000                vector432
                0x00fc2000                vector872
                0x00fc2000                vector41
                0x00fc2000                vector790
                0x00fc2000                vector346
                0x00fc2000                vector940
                0x00fc2000                vector738
                0x00fc2000                vector378
                0x00fc2000                vector436
                0x00fc2000                vector650
                0x00fc2000                vector280
                0x00fc2000                vector924
                0x00fc2000                vector993
                0x00fc2000                vector613
                0x00fc2000                vector492
                0x00fc2000                vector495
                0x00fc2000                vector174
                0x00fc2000                vector524
                0x00fc2000                vector450
                0x00fc2000                vector362
                0x00fc2000                vector101
                0x00fc2000                vector211
                0x00fc2000                vector418
                0x00fc2000                vector889
                0x00fc2000                vector128
                0x00fc2000                vector753
                0x00fc2000                vector51
                0x00fc2000                vector16
                0x00fc2000                vector960
                0x00fc2000                vector714
                0x00fc2000                vector595
                0x00fc2000                vector460
                0x00fc2000                vector13
                0x00fc2000                vector677
                0x00fc2000                vector844
                0x00fc2000                vector81
                0x00fc2000                vector552
                0x00fc2000                vector765
                0x00fc2000                vector1008
                0x00fc2000                vector798
                0x00fc2000                vector300
                0x00fc2000                vector1001
                0x00fc2000                vector282
                0x00fc2000                vector608
                0x00fc2000                vector238
                0x00fc2000                vector557
                0x00fc2000                vector697
                0x00fc2000                vector652
                0x00fc2000                vector953
                0x00fc2000                vector695
                0x00fc2000                vector980
                0x00fc2000                vector1
                0x00fc2000                vector528
                0x00fc2000                vector178
                0x00fc2000                vector38
                0x00fc2000                vector311
                0x00fc2000                vector133
                0x00fc2000                vector349
                0x00fc2000                vector354
                0x00fc2000                vector624
                0x00fc2000                vector254
                0x00fc2000                vector763
                0x00fc2000                vector929
                0x00fc2000                vector687
                0x00fc2000                vector967
                0x00fc2000                vector73
                0x00fc2000                vector144
                0x00fc2000                vector644
                0x00fc2000                vector274
                0x00fc2000                vector737
                0x00fc2000                vector639
                0x00fc2000                vector568
                0x00fc2000                vector565
                0x00fc2000                vector515
                0x00fc2000                vector165
                0x00fc2000                vector571
                0x00fc2000                vector535
                0x00fc2000                vector185
                0x00fc2000                vector496
                0x00fc2000                vector435
                0x00fc2000                vector750
                0x00fc2000                vector493
                0x00fc2000                vector43
                0x00fc2000                vector682
                0x00fc2000                vector451
                0x00fc2000                vector900
                0x00fc2000                vector760
                0x00fc2000                vector942
                0x00fc2000                vector412
                0x00fc2000                vector676
                0x00fc2000                vector709
                0x00fc2000                vector398
                0x00fc2000                vector430
                0x00fc2000                vector376
                0x00fc2000                vector122
                0x00fc2000                vector578
                0x00fc2000                vector748
                0x00fc2000                vector580
                0x00fc2000                vector333
                0x00fc2000                vector817
                0x00fc2000                vector115
                0x00fc2000                vector947
                0x00fc2000                vector108
                0x00fc2000                vector985
                0x00fc2000                vector626
                0x00fc2000                vector256
                0x00fc2000                vector621
                0x00fc2000                vector251
                0x00fc2000                vector429
                0x00fc2000                vector720
                0x00fc2000                vector86
                0x00fc2000                vector87
                0x00fc2000                vector767
                0x00fc2000                vector612
                0x00fc2000                vector242
                0x00fc2000                vector119
                0x00fc2000                vector829
                0x00fc2000                _unhandled_irq
                0x00fc2000                vector584
                0x00fc2000                vector419
                0x00fc2000                vector666
                0x00fc2000                vector296
                0x00fc2000                vector715
                0x00fc2000                vector213
                0x00fc2000                vector162
                0x00fc2000                vector512
                0x00fc2000                vector33
                0x00fc2000                vector345
                0x00fc2000                vector718
                0x00fc2000                vector762
                0x00fc2000                vector795
                0x00fc2000                vector91
                0x00fc2000                vector506
                0x00fc2000                vector156
                0x00fc2000                vector975
                0x00fc2000                vector348
                0x00fc2000                vector141
                0x00fc2000                vector812
                0x00fc2000                vector859
                0x00fc2000                vector961
                0x00fc2000                vector404
                0x00fc2000                vector954
                0x00fc2000                vector770
                0x00fc2000                vector819
                0x00fc2000                vector783
                0x00fc2000                vector214
                0x00fc2000                vector870
                0x00fc2000                vector99
                0x00fc2000                vector740
                0x00fc2000                vector919
                0x00fc2000                vector253
                0x00fc2000                vector3
                0x00fc2000                vector2
                0x00fc2000                vector359
                0x00fc2000                vector833
                0x00fc2000                vector623
                0x00fc2000                vector876
                0x00fc2000                vector241
                0x00fc2000                vector522
                0x00fc2000                vector172
                0x00fc2000                vector877
                0x00fc2000                vector461
                0x00fc2000                vector611
                0x00fc2000                vector999
                0x00fc2000                vector257
                0x00fc2000                vector627
                0x00fc2000                vector802
                0x00fc2000                vector431
                0x00fc2000                vector862
                0x00fc2000                vector24
                0x00fc2000                vector111
                0x00fc2000                vector7
                0x00fc2000                vector189
                0x00fc2000                vector475
                0x00fc2000                vector615
                0x00fc2000                vector816
                0x00fc2000                vector306
                0x00fc2000                vector1014
                0x00fc2000                vector539
                0x00fc2000                vector711
                0x00fc2000                vector930
                0x00fc2000                vector562
                0x00fc2000                vector773
                0x00fc2000                vector138
                0x00fc2000                vector864
                0x00fc2000                vector74
                0x00fc2000                vector974
                0x00fc2000                vector928
                0x00fc2000                vector736
                0x00fc2000                vector200
                0x00fc2000                vector655
                0x00fc2000                vector285
                0x00fc2000                vector414
                0x00fc2000                vector476
                0x00fc2000                vector946
                0x00fc2000                vector839
                0x00fc2000                vector648
                0x00fc2000                vector278
                0x00fc2000                vector384
                0x00fc2000                vector734
                0x00fc2000                vector601
                0x00fc2000                vector1020
                0x00fc2000                vector236
                0x00fc2000                vector606
                0x00fc2000                vector779
                0x00fc2000                vector488
                0x00fc2000                vector932
                0x00fc2000                vector329
                0x00fc2000                vector747
                0x00fc2000                vector231
                0x00fc2000                vector968
                0x00fc2000                vector77
                0x00fc2000                vector408
                0x00fc2000                vector530
                0x00fc2000                vector463
                0x00fc2000                vector180
                0x00fc2000                vector925
                0x00fc2000                vector357
                0x00fc2000                vector771
                0x00fc2000                vector29
                0x00fc2000                vector135
                0x00fc2000                vector796
                0x00fc2000                vector420
                0x00fc2000                vector314
                0x00fc2000                vector23
                0x00fc2000                vector473
                0x00fc2000                vector977
                0x00fc2000                vector394
                0x00fc2000                vector100
                0x00fc2000                vector811
                0x00fc2000                vector962
                0x00fc2000                vector903
                0x00fc2000                vector458
                0x00fc2000                vector142
                0x00fc2000                vector860
                0x00fc2000                vector616
                0x00fc2000                vector858
                0x00fc2000                vector705
                0x00fc2000                vector331
                0x00fc2000                vector9
                0x00fc2000                vector554
                0x00fc2000                vector327
                0x00fc2000                vector631
                0x00fc2000                vector445
                0x00fc2000                vector678
                0x00fc2000                vector470
                0x00fc2000                vector758
                0x00fc2000                vector845
                0x00fc2000                vector361
                0x00fc2000                vector597
                0x00fc2000                vector374
                0x00fc2000                vector201
                0x00fc2000                vector745
                0x00fc2000                vector935
                0x00fc2000                vector792
                0x00fc2000                vector632
                0x00fc2000                vector262
                0x00fc2000                vector996
                0x00fc2000                vector422
                0x00fc2000                vector853
                0x00fc2000                vector696
                0x00fc2000                vector443
                0x00fc2000                vector145
                0x00fc2000                vector570
                0x00fc2000                vector1021
                0x00fc2000                vector805
                0x00fc2000                vector297
                0x00fc2000                vector730
                0x00fc2000                vector896
                0x00fc2000                vector651
                0x00fc2000                vector281
                0x00fc2000                vector777
                0x00fc2000                vector964
                0x00fc2000                vector102
                0x00fc2000                vector700
                0x00fc2000                vector921
                0x00fc2000                vector1010
                0x00fc2000                vector724
                0x00fc2000                vector301
                0x00fc2000                vector789
                0x00fc2000                vector898
                0x00fc2000                vector107
                0x00fc2000                vector40
                0x00fc2000                vector732
                0x00fc2000                vector486
                0x00fc2000                vector465
                0x00fc2000                vector667
                0x00fc2000                vector828
                0x00fc2000                vector0
                0x00fc2000                vector98
                0x00fc2000                vector97
                0x00fc2000                vector396
                0x00fc2000                vector526
                0x00fc2000                vector176
                0x00fc2000                vector402
                0x00fc2000                vector784
                0x00fc2000                vector707
                0x00fc2000                vector751
                0x00fc2000                vector208
                0x00fc2000                vector482
                0x00fc2000                vector438
                0x00fc2000                vector573
                0x00fc2000                vector857
                0x00fc2000                vector544
                0x00fc2000                vector589
                0x00fc2000                vector131
                0x00fc2000                vector775
                0x00fc2000                vector622
                0x00fc2000                vector252
                0x00fc2000                vector741
                0x00fc2000                vector199
                0x00fc2000                vector549
                0x00fc2000                vector194
                0x00fc2000                vector32
                0x00fc2000                vector693
                0x00fc2000                vector951
                0x00fc2000                vector810
                0x00fc2000                vector788
                0x00fc2000                vector130
                0x00fc2000                vector377
                0x00fc2000                vector840
                0x00fc2000                vector409
                0x00fc2000                vector688
                0x00fc2000                vector313
                0x00fc2000                vector895
                0x00fc2000                vector440
                0x00fc2000                vector793
                0x00fc2000                vector275
                0x00fc2000                vector113
                0x00fc2000                vector885
                0x00fc2000                vector125
                0x00fc2000                vector1016
                0x00fc2000                vector645
                0x00fc2000                vector483
                0x00fc2000                vector813
                0x00fc2000                vector543
                0x00fc2000                vector193
                0x00fc2000                vector546
                0x00fc2000                vector196
                0x00fc2000                vector588
                0x00fc2000                vector875
                0x00fc2000                vector26
                0x00fc2000                vector216
                0x00fc2000                vector702
                0x00fc2000                vector391
                0x00fc2000                vector324
                0x00fc2000                vector981
                0x00fc2000                vector356
                0x00fc2000                vector35
                0x00fc2000                vector871
                0x00fc2000                vector592
                0x00fc2000                vector92
                0x00fc2000                vector733
                0x00fc2000                vector778
                0x00fc2000                vector614
                0x00fc2000                vector1006
                0x00fc2000                vector305
                0x00fc2000                vector846
                0x00fc2000                vector453
                0x00fc2000                vector989
                0x00fc2000                vector610
                0x00fc2000                vector240
                0x00fc2000                vector791
                0x00fc2000                vector19
                0x00fc2000                vector140
                0x00fc2000                vector498
                0x00fc2000                vector673
                0x00fc2000                vector428
                0x00fc2000                vector39
                0x00fc2000                vector518
                0x00fc2000                vector168
                0x00fc2000                vector752
                0x00fc2000                vector158
                0x00fc2000                vector508
                0x00fc2000                vector806
                0x00fc2000                vector797
                0x00fc2000                vector45
                0x00fc2000                vector79
                0x00fc2000                vector229
                0x00fc2000                vector660
                0x00fc2000                vector290
                0x00fc2000                vector629
                0x00fc2000                vector183
                0x00fc2000                vector509
                0x00fc2000                vector159
                0x00fc2000                vector212
                0x00fc2000                vector856
                0x00fc2000                vector533
                0x00fc2000                vector825
                0x00fc2000                vector574
                0x00fc2000                vector890
                0x00fc2000                vector801
                0x00fc2000                vector85
                0x00fc2000                vector84
                0x00fc2000                vector558
                0x00fc2000                vector672
                0x00fc2000                vector576
                0x00fc2000                vector674
                0x00fc2000                vector525
                0x00fc2000                vector175
                0x00fc2000                vector143
                0x00fc2000                vector958
                0x00fc2000                vector901
                0x00fc2000                vector114
                0x00fc2000                vector334
                0x00fc2000                vector899
                0x00fc2000                vector47
                0x00fc2000                vector948
                0x00fc2000                vector228
                0x00fc2000                vector42
                0x00fc2000                vector181
                0x00fc2000                vector531
                0x00fc2000                vector371
                0x00fc2000                vector691
                0x00fc2000                vector4
                0x00fc2000                vector706
                0x00fc2000                vector399
                0x00fc2000                vector1004
                0x00fc2000                vector965
                0x00fc2000                vector478
                0x00fc2000                vector852
                0x00fc2000                vector259
                0x00fc2000                vector209
                0x00fc2000                vector369
                0x00fc2000                vector433
                0x00fc2000                vector917
                0x00fc2000                vector832
                0x00fc2000                vector395
                0x00fc2000                vector922
                0x00fc2000                vector625
                0x00fc2000                vector255
                0x00fc2000                vector400
                0x00fc2000                vector317
                0x00fc2000                vector560
                0x00fc2000                vector206
                0x00fc2000                vector808
                0x00fc2000                vector520
                0x00fc2000                vector170
                0x00fc2000                vector136
                0x00fc2000                vector10
                0x00fc2000                vector694
                0x00fc2000                vector884

constructors    0x00fc2004        0x0
                [!provide]                PROVIDE (__init_array_start, .)
 *(SORT(.init_array.*))
 *(.init_array)
                [!provide]                PROVIDE (__init_array_end, .)

destructors     0x00fc2004        0x0
                [!provide]                PROVIDE (__fini_array_start, .)
 *(.fini_array)
 *(SORT(.fini_array.*))
                [!provide]                PROVIDE (__fini_array_end, .)

.text_vle
 *(.text_vle)
 *(.text_vle.*)
 *(.gnu.linkonce.t_vle.*)

.text           0x00fc2010    0x13b64
 *(.text)
 .text          0x00fc2010       0x44 c:/autodevkitstudio-2.1/eclipse/plugins/com.st.tools.spc5.tools.gnu.gcc.ppcvle.win32_4.9.4.20200908161514/toolchain/bin/../lib/gcc/powerpc-eabivle/4.9.4/e200z2\libgcc.a(_fixunssfsi.o)
                0x00fc2010                __fixunssfsi
 *fill*         0x00fc2054        0xc 
 .text          0x00fc2060       0x56 c:/autodevkitstudio-2.1/eclipse/plugins/com.st.tools.spc5.tools.gnu.gcc.ppcvle.win32_4.9.4.20200908161514/toolchain/bin/../lib/gcc/powerpc-eabivle/4.9.4/e200z2\libgcc.a(_fixunsdfsi.o)
                0x00fc2060                __fixunsdfsi
 *fill*         0x00fc20b6        0xa 
 .text          0x00fc20c0      0x328 c:/autodevkitstudio-2.1/eclipse/plugins/com.st.tools.spc5.tools.gnu.gcc.ppcvle.win32_4.9.4.20200908161514/toolchain/bin/../lib/gcc/powerpc-eabivle/4.9.4/e200z2\libgcc.a(_udivdi3.o)
                0x00fc20c0                __udivdi3
 *fill*         0x00fc23e8        0x8 
 .text          0x00fc23f0      0x2f0 c:/autodevkitstudio-2.1/eclipse/plugins/com.st.tools.spc5.tools.gnu.gcc.ppcvle.win32_4.9.4.20200908161514/toolchain/bin/../lib/gcc/powerpc-eabivle/4.9.4/e200z2\libgcc.a(_umoddi3.o)
                0x00fc23f0                __umoddi3
 .text          0x00fc26e0      0x242 c:/autodevkitstudio-2.1/eclipse/plugins/com.st.tools.spc5.tools.gnu.gcc.ppcvle.win32_4.9.4.20200908161514/toolchain/bin/../lib/gcc/powerpc-eabivle/4.9.4/e200z2\libgcc.a(_addsub_sf.o)
                0x00fc2884                __addsf3
                0x00fc28d0                __subsf3
 *fill*         0x00fc2922        0xe 
 .text          0x00fc2930      0x17e c:/autodevkitstudio-2.1/eclipse/plugins/com.st.tools.spc5.tools.gnu.gcc.ppcvle.win32_4.9.4.20200908161514/toolchain/bin/../lib/gcc/powerpc-eabivle/4.9.4/e200z2\libgcc.a(_mul_sf.o)
                0x00fc2930                __mulsf3
 *fill*         0x00fc2aae        0x2 
 .text          0x00fc2ab0       0xfc c:/autodevkitstudio-2.1/eclipse/plugins/com.st.tools.spc5.tools.gnu.gcc.ppcvle.win32_4.9.4.20200908161514/toolchain/bin/../lib/gcc/powerpc-eabivle/4.9.4/e200z2\libgcc.a(_div_sf.o)
                0x00fc2ab0                __divsf3
 *fill*         0x00fc2bac        0x4 
 .text          0x00fc2bb0       0x5a c:/autodevkitstudio-2.1/eclipse/plugins/com.st.tools.spc5.tools.gnu.gcc.ppcvle.win32_4.9.4.20200908161514/toolchain/bin/../lib/gcc/powerpc-eabivle/4.9.4/e200z2\libgcc.a(_ge_sf.o)
                0x00fc2bb0                __gesf2
 *fill*         0x00fc2c0a        0x6 
 .text          0x00fc2c10       0x6a c:/autodevkitstudio-2.1/eclipse/plugins/com.st.tools.spc5.tools.gnu.gcc.ppcvle.win32_4.9.4.20200908161514/toolchain/bin/../lib/gcc/powerpc-eabivle/4.9.4/e200z2\libgcc.a(_si_to_sf.o)
                0x00fc2c10                __floatsisf
 *fill*         0x00fc2c7a        0x6 
 .text          0x00fc2c80       0x88 c:/autodevkitstudio-2.1/eclipse/plugins/com.st.tools.spc5.tools.gnu.gcc.ppcvle.win32_4.9.4.20200908161514/toolchain/bin/../lib/gcc/powerpc-eabivle/4.9.4/e200z2\libgcc.a(_sf_to_si.o)
                0x00fc2c80                __fixsfsi
 *fill*         0x00fc2d08        0x8 
 .text          0x00fc2d10      0x376 c:/autodevkitstudio-2.1/eclipse/plugins/com.st.tools.spc5.tools.gnu.gcc.ppcvle.win32_4.9.4.20200908161514/toolchain/bin/../lib/gcc/powerpc-eabivle/4.9.4/e200z2\libgcc.a(_addsub_df.o)
                0x00fc2fc8                __adddf3
                0x00fc3024                __subdf3
 *fill*         0x00fc3086        0xa 
 .text          0x00fc3090      0x264 c:/autodevkitstudio-2.1/eclipse/plugins/com.st.tools.spc5.tools.gnu.gcc.ppcvle.win32_4.9.4.20200908161514/toolchain/bin/../lib/gcc/powerpc-eabivle/4.9.4/e200z2\libgcc.a(_mul_df.o)
                0x00fc3090                __muldf3
 *fill*         0x00fc32f4        0xc 
 .text          0x00fc3300      0x17e c:/autodevkitstudio-2.1/eclipse/plugins/com.st.tools.spc5.tools.gnu.gcc.ppcvle.win32_4.9.4.20200908161514/toolchain/bin/../lib/gcc/powerpc-eabivle/4.9.4/e200z2\libgcc.a(_div_df.o)
                0x00fc3300                __divdf3
 *fill*         0x00fc347e        0x2 
 .text          0x00fc3480       0x64 c:/autodevkitstudio-2.1/eclipse/plugins/com.st.tools.spc5.tools.gnu.gcc.ppcvle.win32_4.9.4.20200908161514/toolchain/bin/../lib/gcc/powerpc-eabivle/4.9.4/e200z2\libgcc.a(_eq_df.o)
                0x00fc3480                __eqdf2
 *fill*         0x00fc34e4        0xc 
 .text          0x00fc34f0       0x64 c:/autodevkitstudio-2.1/eclipse/plugins/com.st.tools.spc5.tools.gnu.gcc.ppcvle.win32_4.9.4.20200908161514/toolchain/bin/../lib/gcc/powerpc-eabivle/4.9.4/e200z2\libgcc.a(_ne_df.o)
                0x00fc34f0                __nedf2
 *fill*         0x00fc3554        0xc 
 .text          0x00fc3560       0x64 c:/autodevkitstudio-2.1/eclipse/plugins/com.st.tools.spc5.tools.gnu.gcc.ppcvle.win32_4.9.4.20200908161514/toolchain/bin/../lib/gcc/powerpc-eabivle/4.9.4/e200z2\libgcc.a(_gt_df.o)
                0x00fc3560                __gtdf2
 *fill*         0x00fc35c4        0xc 
 .text          0x00fc35d0       0x64 c:/autodevkitstudio-2.1/eclipse/plugins/com.st.tools.spc5.tools.gnu.gcc.ppcvle.win32_4.9.4.20200908161514/toolchain/bin/../lib/gcc/powerpc-eabivle/4.9.4/e200z2\libgcc.a(_ge_df.o)
                0x00fc35d0                __gedf2
 *fill*         0x00fc3634        0xc 
 .text          0x00fc3640       0x64 c:/autodevkitstudio-2.1/eclipse/plugins/com.st.tools.spc5.tools.gnu.gcc.ppcvle.win32_4.9.4.20200908161514/toolchain/bin/../lib/gcc/powerpc-eabivle/4.9.4/e200z2\libgcc.a(_lt_df.o)
                0x00fc3640                __ltdf2
 *fill*         0x00fc36a4        0xc 
 .text          0x00fc36b0       0x64 c:/autodevkitstudio-2.1/eclipse/plugins/com.st.tools.spc5.tools.gnu.gcc.ppcvle.win32_4.9.4.20200908161514/toolchain/bin/../lib/gcc/powerpc-eabivle/4.9.4/e200z2\libgcc.a(_le_df.o)
                0x00fc36b0                __ledf2
 *fill*         0x00fc3714        0xc 
 .text          0x00fc3720       0x80 c:/autodevkitstudio-2.1/eclipse/plugins/com.st.tools.spc5.tools.gnu.gcc.ppcvle.win32_4.9.4.20200908161514/toolchain/bin/../lib/gcc/powerpc-eabivle/4.9.4/e200z2\libgcc.a(_si_to_df.o)
                0x00fc3720                __floatsidf
 .text          0x00fc37a0       0xa4 c:/autodevkitstudio-2.1/eclipse/plugins/com.st.tools.spc5.tools.gnu.gcc.ppcvle.win32_4.9.4.20200908161514/toolchain/bin/../lib/gcc/powerpc-eabivle/4.9.4/e200z2\libgcc.a(_df_to_si.o)
                0x00fc37a0                __fixdfsi
 *fill*         0x00fc3844        0xc 
 .text          0x00fc3850       0x70 c:/autodevkitstudio-2.1/eclipse/plugins/com.st.tools.spc5.tools.gnu.gcc.ppcvle.win32_4.9.4.20200908161514/toolchain/bin/../lib/gcc/powerpc-eabivle/4.9.4/e200z2\libgcc.a(_usi_to_df.o)
                0x00fc3850                __floatunsidf
 .text          0x00fc38c0       0x4a c:/autodevkitstudio-2.1/eclipse/plugins/com.st.tools.spc5.tools.gnu.gcc.ppcvle.win32_4.9.4.20200908161514/toolchain/bin/../lib/gcc/powerpc-eabivle/4.9.4/e200z2\libgcc.a(e200crtsavgpr.o)
                0x00fc38c0                _savegpr_14
                0x00fc38c4                _savegpr_15
                0x00fc38c8                _savegpr_16
                0x00fc38cc                _savegpr_17
                0x00fc38d0                _savegpr_18
                0x00fc38d4                _savegpr_19
                0x00fc38d8                _savegpr_20
                0x00fc38dc                _savegpr_21
                0x00fc38e0                _savegpr_22
                0x00fc38e4                _savegpr_23
                0x00fc38e8                _savegpr_24
                0x00fc38ec                _savegpr_25
                0x00fc38f0                _savegpr_26
                0x00fc38f4                _savegpr_27
                0x00fc38f8                _savegpr_28
                0x00fc38fc                _savegpr_29
                0x00fc3900                _savegpr_30
                0x00fc3904                _savegpr_31
 *fill*         0x00fc390a        0x6 
 .text          0x00fc3910       0x52 c:/autodevkitstudio-2.1/eclipse/plugins/com.st.tools.spc5.tools.gnu.gcc.ppcvle.win32_4.9.4.20200908161514/toolchain/bin/../lib/gcc/powerpc-eabivle/4.9.4/e200z2\libgcc.a(e200crtresxgpr.o)
                0x00fc3910                _restgpr_14_x
                0x00fc3914                _restgpr_15_x
                0x00fc3918                _restgpr_16_x
                0x00fc391c                _restgpr_17_x
                0x00fc3920                _restgpr_18_x
                0x00fc3924                _restgpr_19_x
                0x00fc3928                _restgpr_20_x
                0x00fc392c                _restgpr_21_x
                0x00fc3930                _restgpr_22_x
                0x00fc3934                _restgpr_23_x
                0x00fc3938                _restgpr_24_x
                0x00fc393c                _restgpr_25_x
                0x00fc3940                _restgpr_26_x
                0x00fc3944                _restgpr_27_x
                0x00fc3948                _restgpr_28_x
                0x00fc394c                _restgpr_29_x
                0x00fc3950                _restgpr_30_x
                0x00fc3954                _restgpr_31_x
 *fill*         0x00fc3962        0xe 
 .text          0x00fc3970      0x118 c:/autodevkitstudio-2.1/eclipse/plugins/com.st.tools.spc5.tools.gnu.gcc.ppcvle.win32_4.9.4.20200908161514/toolchain/bin/../lib/gcc/powerpc-eabivle/4.9.4/e200z2\libgcc.a(_pack_sf.o)
                0x00fc3970                __pack_f
 *fill*         0x00fc3a88        0x8 
 .text          0x00fc3a90       0x80 c:/autodevkitstudio-2.1/eclipse/plugins/com.st.tools.spc5.tools.gnu.gcc.ppcvle.win32_4.9.4.20200908161514/toolchain/bin/../lib/gcc/powerpc-eabivle/4.9.4/e200z2\libgcc.a(_unpack_sf.o)
                0x00fc3a90                __unpack_f
 .text          0x00fc3b10       0xa2 c:/autodevkitstudio-2.1/eclipse/plugins/com.st.tools.spc5.tools.gnu.gcc.ppcvle.win32_4.9.4.20200908161514/toolchain/bin/../lib/gcc/powerpc-eabivle/4.9.4/e200z2\libgcc.a(_fpcmp_parts_sf.o)
                0x00fc3b10                __fpcmp_parts_f
 *fill*         0x00fc3bb2        0xe 
 .text          0x00fc3bc0      0x1fc c:/autodevkitstudio-2.1/eclipse/plugins/com.st.tools.spc5.tools.gnu.gcc.ppcvle.win32_4.9.4.20200908161514/toolchain/bin/../lib/gcc/powerpc-eabivle/4.9.4/e200z2\libgcc.a(_pack_df.o)
                0x00fc3bc0                __pack_d
 *fill*         0x00fc3dbc        0x4 
 .text          0x00fc3dc0       0xb0 c:/autodevkitstudio-2.1/eclipse/plugins/com.st.tools.spc5.tools.gnu.gcc.ppcvle.win32_4.9.4.20200908161514/toolchain/bin/../lib/gcc/powerpc-eabivle/4.9.4/e200z2\libgcc.a(_unpack_df.o)
                0x00fc3dc0                __unpack_d
 .text          0x00fc3e70       0xba c:/autodevkitstudio-2.1/eclipse/plugins/com.st.tools.spc5.tools.gnu.gcc.ppcvle.win32_4.9.4.20200908161514/toolchain/bin/../lib/gcc/powerpc-eabivle/4.9.4/e200z2\libgcc.a(_fpcmp_parts_df.o)
                0x00fc3e70                __fpcmp_parts_d
 *(.text.*)
 *fill*         0x00fc3f2a        0x6 
 .text.spc5LLDInit
                0x00fc3f30       0x24 build/obj/spc5_lld.o
                0x00fc3f30                spc5LLDInit
 *fill*         0x00fc3f54        0xc 
 .text.vector52
                0x00fc3f60      0x13e build/obj/spc5_edma.o
                0x00fc3f60                vector52
 *fill*         0x00fc409e        0x2 
 .text.vector53
                0x00fc40a0       0x60 build/obj/spc5_edma.o
                0x00fc40a0                vector53
 .text.vector54
                0x00fc4100       0x60 build/obj/spc5_edma.o
                0x00fc4100                vector54
 .text.vector55
                0x00fc4160       0x60 build/obj/spc5_edma.o
                0x00fc4160                vector55
 .text.vector56
                0x00fc41c0       0x60 build/obj/spc5_edma.o
                0x00fc41c0                vector56
 .text.vector57
                0x00fc4220       0x60 build/obj/spc5_edma.o
                0x00fc4220                vector57
 .text.vector58
                0x00fc4280       0x60 build/obj/spc5_edma.o
                0x00fc4280                vector58
 .text.vector59
                0x00fc42e0       0x60 build/obj/spc5_edma.o
                0x00fc42e0                vector59
 .text.vector60
                0x00fc4340       0x60 build/obj/spc5_edma.o
                0x00fc4340                vector60
 .text.vector61
                0x00fc43a0       0x60 build/obj/spc5_edma.o
                0x00fc43a0                vector61
 .text.vector62
                0x00fc4400       0x60 build/obj/spc5_edma.o
                0x00fc4400                vector62
 .text.vector63
                0x00fc4460       0x60 build/obj/spc5_edma.o
                0x00fc4460                vector63
 .text.vector64
                0x00fc44c0       0x60 build/obj/spc5_edma.o
                0x00fc44c0                vector64
 .text.vector65
                0x00fc4520       0x60 build/obj/spc5_edma.o
                0x00fc4520                vector65
 .text.vector66
                0x00fc4580       0x60 build/obj/spc5_edma.o
                0x00fc4580                vector66
 .text.vector67
                0x00fc45e0       0x60 build/obj/spc5_edma.o
                0x00fc45e0                vector67
 .text.vector68
                0x00fc4640       0x60 build/obj/spc5_edma.o
                0x00fc4640                vector68
 .text.edmaInit
                0x00fc46a0       0xa8 build/obj/spc5_edma.o
                0x00fc46a0                edmaInit
 *fill*         0x00fc4748        0x8 
 .text.irqGetMsr
                0x00fc4750       0x16 build/obj/serial_lld.o
 *fill*         0x00fc4766        0xa 
 .text.irqGetExtIntEnable
                0x00fc4770       0x1e build/obj/serial_lld.o
 *fill*         0x00fc478e        0x2 
 .text.spc5_linflex_init
                0x00fc4790       0x6c build/obj/serial_lld.o
 *fill*         0x00fc47fc        0x4 
 .text.spc5xx_serve_rxi_interrupt
                0x00fc4800      0x1bc build/obj/serial_lld.o
 *fill*         0x00fc49bc        0x4 
 .text.spc5xx_serve_txi_interrupt
                0x00fc49c0       0xe0 build/obj/serial_lld.o
 .text.spc5xx_serve_err_interrupt
                0x00fc4aa0       0x18 build/obj/serial_lld.o
 *fill*         0x00fc4ab8        0x8 
 .text.sd_lld_init
                0x00fc4ac0       0x92 build/obj/serial_lld.o
                0x00fc4ac0                sd_lld_init
 *fill*         0x00fc4b52        0xe 
 .text.sd_lld_start
                0x00fc4b60       0xcc build/obj/serial_lld.o
                0x00fc4b60                sd_lld_start
 *fill*         0x00fc4c2c        0x4 
 .text.sd_tx    0x00fc4c30       0x82 build/obj/serial_lld.o
 *fill*         0x00fc4cb2        0xe 
 .text.sd_tx_no_irq
                0x00fc4cc0       0xf6 build/obj/serial_lld.o
 *fill*         0x00fc4db6        0xa 
 .text.sd_lld_write
                0x00fc4dc0       0xb8 build/obj/serial_lld.o
                0x00fc4dc0                sd_lld_write
 *fill*         0x00fc4e78        0x8 
 .text.spi_lld_obj_init
                0x00fc4e80       0x12 build/obj/spi_lld.o
 *fill*         0x00fc4e92        0xe 
 .text.spi_dspi_start
                0x00fc4ea0       0x20 build/obj/spi_lld.o
 .text.spi_dspi_stop
                0x00fc4ec0       0x6c build/obj/spi_lld.o
 *fill*         0x00fc4f2c        0x4 
 .text.spi_dspi_prefill_txfifo_idle
                0x00fc4f30      0x170 build/obj/spi_lld.o
 .text.spi_dspi_prefill_txfifo8
                0x00fc50a0      0x122 build/obj/spi_lld.o
 *fill*         0x00fc51c2        0xe 
 .text.spi_dspi_prefill_txfifo16
                0x00fc51d0      0x122 build/obj/spi_lld.o
 *fill*         0x00fc52f2        0xe 
 .text.spi_dspi_prefill_txfifo32
                0x00fc5300      0x17c build/obj/spi_lld.o
 *fill*         0x00fc547c        0x4 
 .text.spi_start_rx8
                0x00fc5480       0x28 build/obj/spi_lld.o
 *fill*         0x00fc54a8        0x8 
 .text.spi_start_rx16
                0x00fc54b0       0x28 build/obj/spi_lld.o
 *fill*         0x00fc54d8        0x8 
 .text.spi_start_rx32
                0x00fc54e0       0x28 build/obj/spi_lld.o
 *fill*         0x00fc5508        0x8 
 .text.spi_start_tx8
                0x00fc5510       0x8c build/obj/spi_lld.o
 *fill*         0x00fc559c        0x4 
 .text.spi_start_tx16
                0x00fc55a0       0x8c build/obj/spi_lld.o
 *fill*         0x00fc562c        0x4 
 .text.spi_start_tx32
                0x00fc5630       0x88 build/obj/spi_lld.o
 *fill*         0x00fc56b8        0x8 
 .text.spi_serve_dspi_eoqf
                0x00fc56c0      0x164 build/obj/spi_lld.o
 *fill*         0x00fc5824        0xc 
 .text.spi_serve_dspi_rfdf
                0x00fc5830      0x1c6 build/obj/spi_lld.o
 *fill*         0x00fc59f6        0xa 
 .text.spi_serve_dspi_tfff
                0x00fc5a00      0x10e build/obj/spi_lld.o
 *fill*         0x00fc5b0e        0x2 
 .text.vector263
                0x00fc5b10       0x1c build/obj/spi_lld.o
                0x00fc5b10                vector263
 *fill*         0x00fc5b2c        0x4 
 .text.vector260
                0x00fc5b30       0x1c build/obj/spi_lld.o
                0x00fc5b30                vector260
 *fill*         0x00fc5b4c        0x4 
 .text.vector261
                0x00fc5b50       0x1c build/obj/spi_lld.o
                0x00fc5b50                vector261
 *fill*         0x00fc5b6c        0x4 
 .text.spi_lld_init
                0x00fc5b70       0x56 build/obj/spi_lld.o
                0x00fc5b70                spi_lld_init
 *fill*         0x00fc5bc6        0xa 
 .text.spi_lld_start
                0x00fc5bd0       0xfa build/obj/spi_lld.o
                0x00fc5bd0                spi_lld_start
 *fill*         0x00fc5cca        0x6 
 .text.spi_lld_stop
                0x00fc5cd0       0x6e build/obj/spi_lld.o
                0x00fc5cd0                spi_lld_stop
 *fill*         0x00fc5d3e        0x2 
 .text.spi_lld_exchange
                0x00fc5d40       0xca build/obj/spi_lld.o
                0x00fc5d40                spi_lld_exchange
 *fill*         0x00fc5e0a        0x6 
 .text.i2c_lld_init
                0x00fc5e10       0x34 build/obj/i2c_lld.o
                0x00fc5e10                i2c_lld_init
 *fill*         0x00fc5e44        0xc 
 .text.i2c_lld_start
                0x00fc5e50       0x92 build/obj/i2c_lld.o
                0x00fc5e50                i2c_lld_start
 *fill*         0x00fc5ee2        0xe 
 .text.i2c_lld_write16
                0x00fc5ef0       0xe0 build/obj/i2c_lld.o
                0x00fc5ef0                i2c_lld_write16
 .text.i2c_lld_read16
                0x00fc5fd0       0xe2 build/obj/i2c_lld.o
                0x00fc5fd0                i2c_lld_read16
 *fill*         0x00fc60b2        0xe 
 .text.i2c_lld_wait_for_idle
                0x00fc60c0       0x60 build/obj/i2c_hw.o
 .text.i2c_lld_irq_master
                0x00fc6120      0x254 build/obj/i2c_hw.o
 *fill*         0x00fc6374        0xc 
 .text.i2c_lld_irq_slave
                0x00fc6380      0x2f0 build/obj/i2c_hw.o
 .text.i2c_lld_irq_handler
                0x00fc6670       0x4e build/obj/i2c_hw.o
 *fill*         0x00fc66be        0x2 
 .text.wait_for_transfer_completion
                0x00fc66c0      0x11a build/obj/i2c_hw.o
 *fill*         0x00fc67da        0x6 
 .text.i2c_hw_start
                0x00fc67e0      0x13a build/obj/i2c_hw.o
 *fill*         0x00fc691a        0x6 
 .text.i2c_hw_stop
                0x00fc6920       0x42 build/obj/i2c_hw.o
 *fill*         0x00fc6962        0xe 
 .text.i2c_hw_write
                0x00fc6970      0x18c build/obj/i2c_hw.o
 *fill*         0x00fc6afc        0x4 
 .text.i2c_hw_read
                0x00fc6b00      0x172 build/obj/i2c_hw.o
 *fill*         0x00fc6c72        0xe 
 .text.vector448
                0x00fc6c80       0x1c build/obj/i2c_hw.o
                0x00fc6c80                vector448
 *fill*         0x00fc6c9c        0x4 
 .text.i2c_hw_init
                0x00fc6ca0       0xe2 build/obj/i2c_hw.o
                0x00fc6ca0                i2c_hw_init
 *fill*         0x00fc6d82        0xe 
 .text.vector380
                0x00fc6d90       0x2a build/obj/spc5_linflex.o
                0x00fc6d90                vector380
 *fill*         0x00fc6dba        0x6 
 .text.vector381
                0x00fc6dc0       0x2a build/obj/spc5_linflex.o
                0x00fc6dc0                vector381
 *fill*         0x00fc6dea        0x6 
 .text.vector382
                0x00fc6df0       0x2a build/obj/spc5_linflex.o
                0x00fc6df0                vector382
 *fill*         0x00fc6e1a        0x6 
 .text.linflex_lld_init
                0x00fc6e20       0x64 build/obj/spc5_linflex.o
                0x00fc6e20                linflex_lld_init
 *fill*         0x00fc6e84        0xc 
 .text.emios_get_gfr
                0x00fc6e90       0x12 build/obj/spc5_emios.o
 *fill*         0x00fc6ea2        0xe 
 .text.vector904
                0x00fc6eb0       0x70 build/obj/spc5_emios.o
                0x00fc6eb0                vector904
 .text.vector905
                0x00fc6f20       0x72 build/obj/spc5_emios.o
                0x00fc6f20                vector905
 *fill*         0x00fc6f92        0xe 
 .text.vector906
                0x00fc6fa0       0x72 build/obj/spc5_emios.o
                0x00fc6fa0                vector906
 *fill*         0x00fc7012        0xe 
 .text.vector907
                0x00fc7020       0x72 build/obj/spc5_emios.o
                0x00fc7020                vector907
 *fill*         0x00fc7092        0xe 
 .text.vector912
                0x00fc70a0       0x70 build/obj/spc5_emios.o
                0x00fc70a0                vector912
 .text.vector913
                0x00fc7110       0x72 build/obj/spc5_emios.o
                0x00fc7110                vector913
 *fill*         0x00fc7182        0xe 
 .text.vector914
                0x00fc7190       0x72 build/obj/spc5_emios.o
                0x00fc7190                vector914
 *fill*         0x00fc7202        0xe 
 .text.vector915
                0x00fc7210       0x6e build/obj/spc5_emios.o
                0x00fc7210                vector915
 *fill*         0x00fc727e        0x2 
 .text.emios_enable_clock
                0x00fc7280       0xac build/obj/spc5_emios.o
                0x00fc7280                emios_enable_clock
 *fill*         0x00fc732c        0x4 
 .text.pwm_lld_serve_group_period_interrupt
                0x00fc7330      0x13c build/obj/pwm_lld.o
                0x00fc7330                pwm_lld_serve_group_period_interrupt
 *fill*         0x00fc746c        0x4 
 .text.pwm_lld_serve_group_channel_interrupt
                0x00fc7470      0x1ae build/obj/pwm_lld.o
                0x00fc7470                pwm_lld_serve_group_channel_interrupt
 *fill*         0x00fc761e        0x2 
 .text.pwm_lld_init
                0x00fc7620       0xf6 build/obj/pwm_lld.o
                0x00fc7620                pwm_lld_init
 *fill*         0x00fc7716        0xa 
 .text.pwm_lld_start_channel_group
                0x00fc7720      0x40e build/obj/pwm_lld.o
 *fill*         0x00fc7b2e        0x2 
 .text.pwm_lld_start
                0x00fc7b30      0x108 build/obj/pwm_lld.o
                0x00fc7b30                pwm_lld_start
 *fill*         0x00fc7c38        0x8 
 .text.pwm_lld_enable_group_channel
                0x00fc7c40      0x394 build/obj/pwm_lld.o
 *fill*         0x00fc7fd4        0xc 
 .text.pwm_lld_enable_channel
                0x00fc7fe0       0x8e build/obj/pwm_lld.o
                0x00fc7fe0                pwm_lld_enable_channel
 *fill*         0x00fc806e        0x2 
 .text.EV_VNHx7xxx_PWMSetting
                0x00fc8070       0xf0 build/obj/EV_VNHx7xxx.o
                0x00fc8070                EV_VNHx7xxx_PWMSetting
 .text.EV_VNHx7xxx_IN
                0x00fc8160      0x108 build/obj/EV_VNHx7xxx.o
                0x00fc8160                EV_VNHx7xxx_IN
 *fill*         0x00fc8268        0x8 
 .text.initMotor
                0x00fc8270       0x20 build/obj/EV_VNHx7xxx.o
                0x00fc8270                initMotor
 .text.brakeMotor
                0x00fc8290       0x36 build/obj/EV_VNHx7xxx.o
                0x00fc8290                brakeMotor
 *fill*         0x00fc82c6        0xa 
 .text.setSpeedMotor
                0x00fc82d0       0xac build/obj/EV_VNHx7xxx.o
                0x00fc82d0                setSpeedMotor
 *fill*         0x00fc837c        0x4 
 .text.fillMethodsStructULD
                0x00fc8380      0x2a8 build/obj/AEK_SNS_VL53L1X1.o
                0x00fc8380                fillMethodsStructULD
 *fill*         0x00fc8628        0x8 
 .text.AEK_TOF_CONFIG
                0x00fc8630       0xce build/obj/AEK_SNS_VL53L1X1.o
                0x00fc8630                AEK_TOF_CONFIG
 *fill*         0x00fc86fe        0x2 
 .text.ULD_GetSWVersion
                0x00fc8700       0x2c build/obj/uld_api.o
                0x00fc8700                ULD_GetSWVersion
 *fill*         0x00fc872c        0x4 
 .text.ULD_SetI2CAddress
                0x00fc8730       0x98 build/obj/uld_api.o
                0x00fc8730                ULD_SetI2CAddress
 *fill*         0x00fc87c8        0x8 
 .text.ULD_SensorInit
                0x00fc87d0       0x4c build/obj/uld_api.o
                0x00fc87d0                ULD_SensorInit
 *fill*         0x00fc881c        0x4 
 .text.ULD_ClearInterrupt
                0x00fc8820       0x4c build/obj/uld_api.o
                0x00fc8820                ULD_ClearInterrupt
 *fill*         0x00fc886c        0x4 
 .text.ULD_SetInterruptPolarity
                0x00fc8870       0x58 build/obj/uld_api.o
                0x00fc8870                ULD_SetInterruptPolarity
 *fill*         0x00fc88c8        0x8 
 .text.ULD_GetInterruptPolarity
                0x00fc88d0       0x50 build/obj/uld_api.o
                0x00fc88d0                ULD_GetInterruptPolarity
 .text.ULD_StartRanging
                0x00fc8920       0x4c build/obj/uld_api.o
                0x00fc8920                ULD_StartRanging
 *fill*         0x00fc896c        0x4 
 .text.ULD_StopRanging
                0x00fc8970       0x4c build/obj/uld_api.o
                0x00fc8970                ULD_StopRanging
 *fill*         0x00fc89bc        0x4 
 .text.ULD_CheckForDataReady
                0x00fc89c0       0x50 build/obj/uld_api.o
                0x00fc89c0                ULD_CheckForDataReady
 .text.ULD_SetTimingBudgetInMs
                0x00fc8a10       0x58 build/obj/uld_api.o
                0x00fc8a10                ULD_SetTimingBudgetInMs
 *fill*         0x00fc8a68        0x8 
 .text.ULD_GetTimingBudgetInMs
                0x00fc8a70       0x50 build/obj/uld_api.o
                0x00fc8a70                ULD_GetTimingBudgetInMs
 .text.ULD_SetDistanceMode
                0x00fc8ac0       0x58 build/obj/uld_api.o
                0x00fc8ac0                ULD_SetDistanceMode
 *fill*         0x00fc8b18        0x8 
 .text.ULD_GetDistanceMode
                0x00fc8b20       0x50 build/obj/uld_api.o
                0x00fc8b20                ULD_GetDistanceMode
 .text.ULD_SetInterMeasurementInMs
                0x00fc8b70       0x50 build/obj/uld_api.o
                0x00fc8b70                ULD_SetInterMeasurementInMs
 .text.ULD_GetInterMeasurementInMs
                0x00fc8bc0       0x50 build/obj/uld_api.o
                0x00fc8bc0                ULD_GetInterMeasurementInMs
 .text.ULD_BootState
                0x00fc8c10       0x50 build/obj/uld_api.o
                0x00fc8c10                ULD_BootState
 .text.ULD_GetSensorId
                0x00fc8c60       0x50 build/obj/uld_api.o
                0x00fc8c60                ULD_GetSensorId
 .text.ULD_GetDistance
                0x00fc8cb0       0x50 build/obj/uld_api.o
                0x00fc8cb0                ULD_GetDistance
 .text.ULD_GetSignalPerSpad
                0x00fc8d00       0x50 build/obj/uld_api.o
                0x00fc8d00                ULD_GetSignalPerSpad
 .text.ULD_GetAmbientPerSpad
                0x00fc8d50       0x50 build/obj/uld_api.o
                0x00fc8d50                ULD_GetAmbientPerSpad
 .text.ULD_GetSignalRate
                0x00fc8da0       0x50 build/obj/uld_api.o
                0x00fc8da0                ULD_GetSignalRate
 .text.ULD_GetSpadNb
                0x00fc8df0       0x50 build/obj/uld_api.o
                0x00fc8df0                ULD_GetSpadNb
 .text.ULD_GetAmbientRate
                0x00fc8e40       0x50 build/obj/uld_api.o
                0x00fc8e40                ULD_GetAmbientRate
 .text.ULD_GetRangeStatus
                0x00fc8e90       0x50 build/obj/uld_api.o
                0x00fc8e90                ULD_GetRangeStatus
 .text.ULD_GetResult
                0x00fc8ee0       0x50 build/obj/uld_api.o
                0x00fc8ee0                ULD_GetResult
 .text.ULD_SetOffset
                0x00fc8f30       0x58 build/obj/uld_api.o
                0x00fc8f30                ULD_SetOffset
 *fill*         0x00fc8f88        0x8 
 .text.ULD_GetOffset
                0x00fc8f90       0x50 build/obj/uld_api.o
                0x00fc8f90                ULD_GetOffset
 .text.ULD_SetXtalk
                0x00fc8fe0       0x58 build/obj/uld_api.o
                0x00fc8fe0                ULD_SetXtalk
 *fill*         0x00fc9038        0x8 
 .text.ULD_GetXtalk
                0x00fc9040       0x50 build/obj/uld_api.o
                0x00fc9040                ULD_GetXtalk
 .text.ULD_SetDistanceThreshold
                0x00fc9090       0x72 build/obj/uld_api.o
                0x00fc9090                ULD_SetDistanceThreshold
 *fill*         0x00fc9102        0xe 
 .text.ULD_GetDistanceThresholdWindow
                0x00fc9110       0x50 build/obj/uld_api.o
                0x00fc9110                ULD_GetDistanceThresholdWindow
 .text.ULD_GetDistanceThresholdLow
                0x00fc9160       0x50 build/obj/uld_api.o
                0x00fc9160                ULD_GetDistanceThresholdLow
 .text.ULD_GetDistanceThresholdHigh
                0x00fc91b0       0x50 build/obj/uld_api.o
                0x00fc91b0                ULD_GetDistanceThresholdHigh
 .text.ULD_SetROI
                0x00fc9200       0x64 build/obj/uld_api.o
                0x00fc9200                ULD_SetROI
 *fill*         0x00fc9264        0xc 
 .text.ULD_GetROI_XY
                0x00fc9270       0x54 build/obj/uld_api.o
                0x00fc9270                ULD_GetROI_XY
 *fill*         0x00fc92c4        0xc 
 .text.ULD_SetROICenter
                0x00fc92d0       0x58 build/obj/uld_api.o
                0x00fc92d0                ULD_SetROICenter
 *fill*         0x00fc9328        0x8 
 .text.ULD_GetROICenter
                0x00fc9330       0x50 build/obj/uld_api.o
                0x00fc9330                ULD_GetROICenter
 .text.ULD_SetSignalThreshold
                0x00fc9380       0x58 build/obj/uld_api.o
                0x00fc9380                ULD_SetSignalThreshold
 *fill*         0x00fc93d8        0x8 
 .text.ULD_GetSignalThreshold
                0x00fc93e0       0x50 build/obj/uld_api.o
                0x00fc93e0                ULD_GetSignalThreshold
 .text.ULD_SetSigmaThreshold
                0x00fc9430       0x58 build/obj/uld_api.o
                0x00fc9430                ULD_SetSigmaThreshold
 *fill*         0x00fc9488        0x8 
 .text.ULD_GetSigmaThreshold
                0x00fc9490       0x50 build/obj/uld_api.o
                0x00fc9490                ULD_GetSigmaThreshold
 .text.ULD_StartTemperatureUpdate
                0x00fc94e0       0x4c build/obj/uld_api.o
                0x00fc94e0                ULD_StartTemperatureUpdate
 *fill*         0x00fc952c        0x4 
 .text.ULD_CalibrateOffset
                0x00fc9530       0x5c build/obj/uld_api.o
                0x00fc9530                ULD_CalibrateOffset
 *fill*         0x00fc958c        0x4 
 .text.ULD_CalibrateXtalk
                0x00fc9590       0x5c build/obj/uld_api.o
                0x00fc9590                ULD_CalibrateXtalk
 *fill*         0x00fc95ec        0x4 
 .text.ULD_CreateSensor
                0x00fc95f0      0x14c build/obj/uld_api.o
                0x00fc95f0                ULD_CreateSensor
 *fill*         0x00fc973c        0x4 
 .text.ULD_TurnOnSensor
                0x00fc9740       0x80 build/obj/uld_api.o
                0x00fc9740                ULD_TurnOnSensor
 .text.ULD_TurnOffSensor
                0x00fc97c0       0x80 build/obj/uld_api.o
                0x00fc97c0                ULD_TurnOffSensor
 .text.ULD_TurnOnAllSensors
                0x00fc9840       0x3e build/obj/uld_api.o
                0x00fc9840                ULD_TurnOnAllSensors
 *fill*         0x00fc987e        0x2 
 .text.ULD_TurnOffAllSensors
                0x00fc9880       0x3e build/obj/uld_api.o
                0x00fc9880                ULD_TurnOffAllSensors
 *fill*         0x00fc98be        0x2 
 .text.ULD_SetIRQSensorState
                0x00fc98c0       0x2a build/obj/uld_api.o
                0x00fc98c0                ULD_SetIRQSensorState
 *fill*         0x00fc98ea        0x6 
 .text.ULD_GetIRQSensorState
                0x00fc98f0       0x32 build/obj/uld_api.o
                0x00fc98f0                ULD_GetIRQSensorState
 *fill*         0x00fc9922        0xe 
 .text.VL53L1X_GetSWVersion
                0x00fc9930       0x2c build/obj/VL53L1X_api.o
                0x00fc9930                VL53L1X_GetSWVersion
 *fill*         0x00fc995c        0x4 
 .text.VL53L1X_SetI2CAddress
                0x00fc9960       0x44 build/obj/VL53L1X_api.o
                0x00fc9960                VL53L1X_SetI2CAddress
 *fill*         0x00fc99a4        0xc 
 .text.VL53L1X_SensorInit
                0x00fc99b0      0x13e build/obj/VL53L1X_api.o
                0x00fc99b0                VL53L1X_SensorInit
 *fill*         0x00fc9aee        0x2 
 .text.VL53L1X_ClearInterrupt
                0x00fc9af0       0x38 build/obj/VL53L1X_api.o
                0x00fc9af0                VL53L1X_ClearInterrupt
 *fill*         0x00fc9b28        0x8 
 .text.VL53L1X_SetInterruptPolarity
                0x00fc9b30       0x9a build/obj/VL53L1X_api.o
                0x00fc9b30                VL53L1X_SetInterruptPolarity
 *fill*         0x00fc9bca        0x6 
 .text.VL53L1X_GetInterruptPolarity
                0x00fc9bd0       0x68 build/obj/VL53L1X_api.o
                0x00fc9bd0                VL53L1X_GetInterruptPolarity
 *fill*         0x00fc9c38        0x8 
 .text.VL53L1X_StartRanging
                0x00fc9c40       0x38 build/obj/VL53L1X_api.o
                0x00fc9c40                VL53L1X_StartRanging
 *fill*         0x00fc9c78        0x8 
 .text.VL53L1X_StopRanging
                0x00fc9c80       0x38 build/obj/VL53L1X_api.o
                0x00fc9c80                VL53L1X_StopRanging
 *fill*         0x00fc9cb8        0x8 
 .text.VL53L1X_CheckForDataReady
                0x00fc9cc0       0xaa build/obj/VL53L1X_api.o
                0x00fc9cc0                VL53L1X_CheckForDataReady
 *fill*         0x00fc9d6a        0x6 
 .text.VL53L1X_SetTimingBudgetInMs
                0x00fc9d70      0x406 build/obj/VL53L1X_api.o
                0x00fc9d70                VL53L1X_SetTimingBudgetInMs
 *fill*         0x00fca176        0xa 
 .text.VL53L1X_GetTimingBudgetInMs
                0x00fca180      0x22a build/obj/VL53L1X_api.o
                0x00fca180                VL53L1X_GetTimingBudgetInMs
 *fill*         0x00fca3aa        0x6 
 .text.VL53L1X_SetDistanceMode
                0x00fca3b0      0x228 build/obj/VL53L1X_api.o
                0x00fca3b0                VL53L1X_SetDistanceMode
 *fill*         0x00fca5d8        0x8 
 .text.VL53L1X_GetDistanceMode
                0x00fca5e0       0x80 build/obj/VL53L1X_api.o
                0x00fca5e0                VL53L1X_GetDistanceMode
 .text.VL53L1X_SetInterMeasurementInMs
                0x00fca660       0x98 build/obj/VL53L1X_api.o
                0x00fca660                VL53L1X_SetInterMeasurementInMs
 *fill*         0x00fca6f8        0x8 
 .text.VL53L1X_GetInterMeasurementInMs
                0x00fca700       0xde build/obj/VL53L1X_api.o
                0x00fca700                VL53L1X_GetInterMeasurementInMs
 *fill*         0x00fca7de        0x2 
 .text.VL53L1X_BootState
                0x00fca7e0       0x50 build/obj/VL53L1X_api.o
                0x00fca7e0                VL53L1X_BootState
 .text.VL53L1X_GetSensorId
                0x00fca830       0x50 build/obj/VL53L1X_api.o
                0x00fca830                VL53L1X_GetSensorId
 .text.VL53L1X_GetDistance
                0x00fca880       0x4c build/obj/VL53L1X_api.o
                0x00fca880                VL53L1X_GetDistance
 *fill*         0x00fca8cc        0x4 
 .text.VL53L1X_GetSignalPerSpad
                0x00fca8d0       0xc8 build/obj/VL53L1X_api.o
                0x00fca8d0                VL53L1X_GetSignalPerSpad
 *fill*         0x00fca998        0x8 
 .text.VL53L1X_GetAmbientPerSpad
                0x00fca9a0       0xc8 build/obj/VL53L1X_api.o
                0x00fca9a0                VL53L1X_GetAmbientPerSpad
 *fill*         0x00fcaa68        0x8 
 .text.VL53L1X_GetSignalRate
                0x00fcaa70       0x50 build/obj/VL53L1X_api.o
                0x00fcaa70                VL53L1X_GetSignalRate
 .text.VL53L1X_GetSpadNb
                0x00fcaac0       0x50 build/obj/VL53L1X_api.o
                0x00fcaac0                VL53L1X_GetSpadNb
 .text.VL53L1X_GetAmbientRate
                0x00fcab10       0x50 build/obj/VL53L1X_api.o
                0x00fcab10                VL53L1X_GetAmbientRate
 .text.VL53L1X_GetRangeStatus
                0x00fcab60       0x86 build/obj/VL53L1X_api.o
                0x00fcab60                VL53L1X_GetRangeStatus
 *fill*         0x00fcabe6        0xa 
 .text.VL53L1X_GetResult
                0x00fcabf0       0xf0 build/obj/VL53L1X_api.o
                0x00fcabf0                VL53L1X_GetResult
 .text.VL53L1X_SetOffset
                0x00fcace0       0x62 build/obj/VL53L1X_api.o
                0x00fcace0                VL53L1X_SetOffset
 *fill*         0x00fcad42        0xe 
 .text.VL53L1X_GetOffset
                0x00fcad50       0x60 build/obj/VL53L1X_api.o
                0x00fcad50                VL53L1X_GetOffset
 .text.VL53L1X_SetXtalk
                0x00fcadb0       0x84 build/obj/VL53L1X_api.o
                0x00fcadb0                VL53L1X_SetXtalk